<html>
<body>
<pre>
<h1>µVision Build Log</h1>
<h2>Project:</h2>
D:\MyGit\SmartDevice\STM32\Template\Template.uvproj
Project File Date:  09/21/2017

<h2>Output:</h2>
Build target 'Template'
compiling main.c...
compiling led.c...
linking...
Program Size: Code=2836 RO-data=336 RW-data=40 ZI-data=1632  
FromELF: creating hex file...
".\Output\Led.axf" - 0 Error(s), 0 Warning(s).
</pre>
</body>
</html>
c...
compiling core_cm3.c...
compiling system_stm32f10x.c...
assembling startup_stm32f10x_hd.s...
compiling stm32f10x_gpio.c...
compiling stm32f10x_rcc.c...
linking...
Program Size: Code=2836 RO-data=336 RW-data=40 ZI-data=1632  
FromELF: creating hex file...
".\Output\Led.axf" - 0 Error(s), 1 Warning(s).
