<html>
<body>
<pre>
<h1>µVision Build Log</h1>
<h2>Project:</h2>
E:\My Git\STM32\Led\Led.uvproj
Project File Date:  09/19/2017

<h2>Output:</h2>
Build target 'Template'
compiling main.c...
linking...
Program Size: Code=2836 RO-data=336 RW-data=40 ZI-data=1632  
FromELF: creating hex file...
".\Output\Led.axf" - 0 Error(s), 0 Warning(s).
</pre>
</body>
</html>
rror(s), 0 Warning(s).
Target not created
1110B);
User\main.c: 1 warning, 1 error
".\Output\Led.axf" - 1 Error(s), 1 Warning(s).
Target not created
.
".\Output\Led.axf" - 0 Error(s), 0 Warning(s).
1 Error(s), 1 Warning(s).
Target not created
g(s).
