Product: MDK-ARM Standard 5.10
Component: ARM Compiler 5.04 update 1 (build 49)
Tool: armlink [5040049]

==============================================================================

Section Cross References

    main.o(.text) refers to led.o(.text) for LED_Init
    main.o(.text) refers to stm32f10x_gpio.o(.text) for GPIO_Write
    led.o(.text) refers to system_stm32f10x.o(.text) for SystemInit
    led.o(.text) refers to stm32f10x_gpio.o(.text) for GPIO_Init
    system_stm32f10x.o(.text) refers to system_stm32f10x.o(.data) for SystemCoreClock
    startup_stm32f10x_hd.o(STACK) refers (Special) to heapauxi.o(.text) for __use_two_region_memory
    startup_stm32f10x_hd.o(HEAP) refers (Special) to heapauxi.o(.text) for __use_two_region_memory
    startup_stm32f10x_hd.o(RESET) refers (Special) to heapauxi.o(.text) for __use_two_region_memory
    startup_stm32f10x_hd.o(RESET) refers to startup_stm32f10x_hd.o(STACK) for __initial_sp
    startup_stm32f10x_hd.o(RESET) refers to startup_stm32f10x_hd.o(.text) for Reset_Handler
    startup_stm32f10x_hd.o(RESET) refers to stm32f10x_it.o(.text) for NMI_Handler
    startup_stm32f10x_hd.o(.text) refers (Special) to heapauxi.o(.text) for __use_two_region_memory
    startup_stm32f10x_hd.o(.text) refers to system_stm32f10x.o(.text) for SystemInit
    startup_stm32f10x_hd.o(.text) refers to __main.o(!!!main) for __main
    startup_stm32f10x_hd.o(.text) refers to startup_stm32f10x_hd.o(HEAP) for Heap_Mem
    startup_stm32f10x_hd.o(.text) refers to startup_stm32f10x_hd.o(STACK) for Stack_Mem
    stm32f10x_gpio.o(.text) refers to stm32f10x_rcc.o(.text) for RCC_APB2PeriphResetCmd
    stm32f10x_rcc.o(.text) refers to stm32f10x_rcc.o(.data) for APBAHBPrescTable
    __main.o(!!!main) refers to rtentry.o(.ARM.Collect$$rtentry$$00000000) for __rt_entry
    rtentry.o(.ARM.Collect$$rtentry$$00000000) refers (Special) to rtentry2.o(.ARM.Collect$$rtentry$$0000000A) for __rt_entry_li
    rtentry.o(.ARM.Collect$$rtentry$$00000000) refers (Special) to rtentry2.o(.ARM.Collect$$rtentry$$0000000D) for __rt_entry_main
    rtentry.o(.ARM.Collect$$rtentry$$00000000) refers (Special) to rtentry2.o(.ARM.Collect$$rtentry$$0000000C) for __rt_entry_postli_1
    rtentry.o(.ARM.Collect$$rtentry$$00000000) refers (Special) to rtentry2.o(.ARM.Collect$$rtentry$$00000009) for __rt_entry_postsh_1
    rtentry.o(.ARM.Collect$$rtentry$$00000000) refers (Special) to rtentry2.o(.ARM.Collect$$rtentry$$00000002) for __rt_entry_presh_1
    rtentry.o(.ARM.Collect$$rtentry$$00000000) refers (Special) to rtentry4.o(.ARM.Collect$$rtentry$$00000004) for __rt_entry_sh
    rtentry2.o(.ARM.Collect$$rtentry$$00000008) refers to boardinit2.o(.text) for _platform_post_stackheap_init
    rtentry2.o(.ARM.Collect$$rtentry$$0000000A) refers to libinit.o(.ARM.Collect$$libinit$$00000000) for __rt_lib_init
    rtentry2.o(.ARM.Collect$$rtentry$$0000000B) refers to boardinit3.o(.text) for _platform_post_lib_init
    rtentry2.o(.ARM.Collect$$rtentry$$0000000D) refers to main.o(.text) for main
    rtentry2.o(.ARM.Collect$$rtentry$$0000000D) refers to exit.o(.text) for exit
    rtentry2.o(.ARM.exidx) refers to rtentry2.o(.ARM.Collect$$rtentry$$00000001) for .ARM.Collect$$rtentry$$00000001
    rtentry2.o(.ARM.exidx) refers to rtentry2.o(.ARM.Collect$$rtentry$$00000008) for .ARM.Collect$$rtentry$$00000008
    rtentry2.o(.ARM.exidx) refers to rtentry2.o(.ARM.Collect$$rtentry$$0000000A) for .ARM.Collect$$rtentry$$0000000A
    rtentry2.o(.ARM.exidx) refers to rtentry2.o(.ARM.Collect$$rtentry$$0000000B) for .ARM.Collect$$rtentry$$0000000B
    rtentry2.o(.ARM.exidx) refers to rtentry2.o(.ARM.Collect$$rtentry$$0000000D) for .ARM.Collect$$rtentry$$0000000D
    rtentry4.o(.ARM.Collect$$rtentry$$00000004) refers to sys_stackheap_outer.o(.text) for __user_setup_stackheap
    rtentry4.o(.ARM.exidx) refers to rtentry4.o(.ARM.Collect$$rtentry$$00000004) for .ARM.Collect$$rtentry$$00000004
    sys_stackheap_outer.o(.text) refers to libspace.o(.text) for __user_perproc_libspace
    sys_stackheap_outer.o(.text) refers to startup_stm32f10x_hd.o(.text) for __user_initial_stackheap
    exit.o(.text) refers to rtexit.o(.ARM.Collect$$rtexit$$00000000) for __rt_exit
    libinit.o(.ARM.Collect$$libinit$$00000000) refers (Special) to libinit2.o(.ARM.Collect$$libinit$$0000002C) for __rt_lib_init_alloca_1
    libinit.o(.ARM.Collect$$libinit$$00000000) refers (Special) to libinit2.o(.ARM.Collect$$libinit$$0000002A) for __rt_lib_init_argv_1
    libinit.o(.ARM.Collect$$libinit$$00000000) refers (Special) to libinit2.o(.ARM.Collect$$libinit$$00000019) for __rt_lib_init_atexit_1
    libinit.o(.ARM.Collect$$libinit$$00000000) refers (Special) to libinit2.o(.ARM.Collect$$libinit$$0000001F) for __rt_lib_init_clock_1
    libinit.o(.ARM.Collect$$libinit$$00000000) refers (Special) to libinit2.o(.ARM.Collect$$libinit$$00000030) for __rt_lib_init_cpp_1
    libinit.o(.ARM.Collect$$libinit$$00000000) refers (Special) to libinit2.o(.ARM.Collect$$libinit$$0000002E) for __rt_lib_init_exceptions_1
    libinit.o(.ARM.Collect$$libinit$$00000000) refers (Special) to libinit2.o(.ARM.Collect$$libinit$$00000002) for __rt_lib_init_fp_1
    libinit.o(.ARM.Collect$$libinit$$00000000) refers (Special) to libinit2.o(.ARM.Collect$$libinit$$0000001D) for __rt_lib_init_fp_trap_1
    libinit.o(.ARM.Collect$$libinit$$00000000) refers (Special) to libinit2.o(.ARM.Collect$$libinit$$00000021) for __rt_lib_init_getenv_1
    libinit.o(.ARM.Collect$$libinit$$00000000) refers (Special) to libinit2.o(.ARM.Collect$$libinit$$00000008) for __rt_lib_init_heap_1
    libinit.o(.ARM.Collect$$libinit$$00000000) refers (Special) to libinit2.o(.ARM.Collect$$libinit$$0000000F) for __rt_lib_init_lc_collate_1
    libinit.o(.ARM.Collect$$libinit$$00000000) refers (Special) to libinit2.o(.ARM.Collect$$libinit$$00000011) for __rt_lib_init_lc_ctype_1
    libinit.o(.ARM.Collect$$libinit$$00000000) refers (Special) to libinit2.o(.ARM.Collect$$libinit$$00000013) for __rt_lib_init_lc_monetary_1
    libinit.o(.ARM.Collect$$libinit$$00000000) refers (Special) to libinit2.o(.ARM.Collect$$libinit$$00000015) for __rt_lib_init_lc_numeric_1
    libinit.o(.ARM.Collect$$libinit$$00000000) refers (Special) to libinit2.o(.ARM.Collect$$libinit$$00000017) for __rt_lib_init_lc_time_1
    libinit.o(.ARM.Collect$$libinit$$00000000) refers (Special) to libinit2.o(.ARM.Collect$$libinit$$0000000C) for __rt_lib_init_rand_1
    libinit.o(.ARM.Collect$$libinit$$00000000) refers (Special) to libinit2.o(.ARM.Collect$$libinit$$00000031) for __rt_lib_init_return
    libinit.o(.ARM.Collect$$libinit$$00000000) refers (Special) to libinit2.o(.ARM.Collect$$libinit$$0000001B) for __rt_lib_init_signal_1
    libinit.o(.ARM.Collect$$libinit$$00000000) refers (Special) to libinit2.o(.ARM.Collect$$libinit$$00000023) for __rt_lib_init_stdio_1
    libinit.o(.ARM.Collect$$libinit$$00000000) refers (Special) to libinit2.o(.ARM.Collect$$libinit$$0000000A) for __rt_lib_init_user_alloc_1
    libspace.o(.text) refers to libspace.o(.bss) for __libspace_start
    rtexit.o(.ARM.Collect$$rtexit$$00000000) refers (Special) to rtexit2.o(.ARM.Collect$$rtexit$$00000004) for __rt_exit_exit
    rtexit.o(.ARM.Collect$$rtexit$$00000000) refers (Special) to rtexit2.o(.ARM.Collect$$rtexit$$00000003) for __rt_exit_ls
    rtexit.o(.ARM.Collect$$rtexit$$00000000) refers (Special) to rtexit2.o(.ARM.Collect$$rtexit$$00000002) for __rt_exit_prels_1
    rtexit.o(.ARM.exidx) refers (Special) to rtexit2.o(.ARM.Collect$$rtexit$$00000004) for __rt_exit_exit
    rtexit.o(.ARM.exidx) refers (Special) to rtexit2.o(.ARM.Collect$$rtexit$$00000003) for __rt_exit_ls
    rtexit.o(.ARM.exidx) refers (Special) to rtexit2.o(.ARM.Collect$$rtexit$$00000002) for __rt_exit_prels_1
    rtexit.o(.ARM.exidx) refers to rtexit.o(.ARM.Collect$$rtexit$$00000000) for .ARM.Collect$$rtexit$$00000000
    libinit2.o(.ARM.Collect$$libinit$$0000000E) refers to libinit2.o(.ARM.Collect$$libinit$$0000000D) for .ARM.Collect$$libinit$$0000000D
    libinit2.o(.ARM.Collect$$libinit$$00000010) refers to libinit2.o(.ARM.Collect$$libinit$$0000000D) for .ARM.Collect$$libinit$$0000000D
    libinit2.o(.ARM.Collect$$libinit$$00000012) refers to libinit2.o(.ARM.Collect$$libinit$$0000000D) for .ARM.Collect$$libinit$$0000000D
    libinit2.o(.ARM.Collect$$libinit$$00000014) refers to libinit2.o(.ARM.Collect$$libinit$$0000000D) for .ARM.Collect$$libinit$$0000000D
    libinit2.o(.ARM.Collect$$libinit$$00000016) refers to libinit2.o(.ARM.Collect$$libinit$$0000000D) for .ARM.Collect$$libinit$$0000000D
    libinit2.o(.ARM.Collect$$libinit$$00000024) refers to argv_veneer.o(.emb_text) for __ARM_argv_veneer
    libinit2.o(.ARM.Collect$$libinit$$00000025) refers to argv_veneer.o(.emb_text) for __ARM_argv_veneer
    rtexit2.o(.ARM.Collect$$rtexit$$00000003) refers to libshutdown.o(.ARM.Collect$$libshutdown$$00000000) for __rt_lib_shutdown
    rtexit2.o(.ARM.Collect$$rtexit$$00000004) refers to sys_exit.o(.text) for _sys_exit
    rtexit2.o(.ARM.exidx) refers to rtexit2.o(.ARM.Collect$$rtexit$$00000001) for .ARM.Collect$$rtexit$$00000001
    rtexit2.o(.ARM.exidx) refers to rtexit2.o(.ARM.Collect$$rtexit$$00000003) for .ARM.Collect$$rtexit$$00000003
    rtexit2.o(.ARM.exidx) refers to rtexit2.o(.ARM.Collect$$rtexit$$00000004) for .ARM.Collect$$rtexit$$00000004
    argv_veneer.o(.emb_text) refers to no_argv.o(.text) for __ARM_get_argv
    sys_exit.o(.text) refers (Special) to use_no_semi.o(.text) for __I$use$semihosting
    sys_exit.o(.text) refers (Special) to indicate_semi.o(.text) for __semihosting_library_function
    _get_argv_nomalloc.o(.text) refers (Special) to hrguard.o(.text) for __heap_region$guard
    _get_argv_nomalloc.o(.text) refers to defsig_rtmem_outer.o(.text) for __rt_SIGRTMEM
    _get_argv_nomalloc.o(.text) refers to sys_command.o(.text) for _sys_command_string
    libshutdown.o(.ARM.Collect$$libshutdown$$00000000) refers (Special) to libshutdown2.o(.ARM.Collect$$libshutdown$$00000006) for __rt_lib_shutdown_fp_trap_1
    libshutdown.o(.ARM.Collect$$libshutdown$$00000000) refers (Special) to libshutdown2.o(.ARM.Collect$$libshutdown$$0000000E) for __rt_lib_shutdown_heap_1
    libshutdown.o(.ARM.Collect$$libshutdown$$00000000) refers (Special) to libshutdown2.o(.ARM.Collect$$libshutdown$$0000000F) for __rt_lib_shutdown_return
    libshutdown.o(.ARM.Collect$$libshutdown$$00000000) refers (Special) to libshutdown2.o(.ARM.Collect$$libshutdown$$00000009) for __rt_lib_shutdown_signal_1
    libshutdown.o(.ARM.Collect$$libshutdown$$00000000) refers (Special) to libshutdown2.o(.ARM.Collect$$libshutdown$$00000003) for __rt_lib_shutdown_stdio_1
    libshutdown.o(.ARM.Collect$$libshutdown$$00000000) refers (Special) to libshutdown2.o(.ARM.Collect$$libshutdown$$0000000B) for __rt_lib_shutdown_user_alloc_1
    sys_command.o(.text) refers (Special) to use_no_semi.o(.text) for __I$use$semihosting
    sys_command.o(.text) refers (Special) to indicate_semi.o(.text) for __semihosting_library_function
    defsig_rtmem_outer.o(.text) refers to defsig_rtmem_inner.o(.text) for __rt_SIGRTMEM_inner
    defsig_rtmem_outer.o(.text) refers to defsig_exit.o(.text) for __sig_exit
    defsig_rtmem_formal.o(.text) refers to rt_raise.o(.text) for __rt_raise
    rt_raise.o(.text) refers to __raise.o(.text) for __raise
    rt_raise.o(.text) refers to sys_exit.o(.text) for _sys_exit
    defsig_exit.o(.text) refers to sys_exit.o(.text) for _sys_exit
    defsig_rtmem_inner.o(.text) refers to defsig_general.o(.text) for __default_signal_display
    __raise.o(.text) refers to defsig.o(CL$$defsig) for __default_signal_handler
    defsig_general.o(.text) refers to sys_wrch.o(.text) for _ttywrch
    sys_wrch.o(.text) refers (Special) to use_no_semi.o(.text) for __I$use$semihosting
    sys_wrch.o(.text) refers (Special) to indicate_semi.o(.text) for __semihosting_library_function
    defsig.o(CL$$defsig) refers to defsig_rtmem_inner.o(.text) for __rt_SIGRTMEM_inner
    defsig_abrt_inner.o(.text) refers to defsig_general.o(.text) for __default_signal_display
    defsig_fpe_inner.o(.text) refers to defsig_general.o(.text) for __default_signal_display
    defsig_rtred_inner.o(.text) refers to defsig_general.o(.text) for __default_signal_display
    defsig_stak_inner.o(.text) refers to defsig_general.o(.text) for __default_signal_display
    defsig_pvfn_inner.o(.text) refers to defsig_general.o(.text) for __default_signal_display
    defsig_cppl_inner.o(.text) refers to defsig_general.o(.text) for __default_signal_display
    defsig_segv_inner.o(.text) refers to defsig_general.o(.text) for __default_signal_display
    defsig_other.o(.text) refers to defsig_general.o(.text) for __default_signal_display


==============================================================================

Removing Unused input sections from the image.

    Removing core_cm3.o(.emb_text), (32 bytes).

1 unused section(s) (total 32 bytes) removed from the image.

==============================================================================

Image Symbol Table

    Local Symbols

    Symbol Name                              Value     Ov Type        Size  Object(Section)

    ../clib/angel/boardlib.s                 0x00000000   Number         0  boardinit1.o ABSOLUTE
    ../clib/angel/boardlib.s                 0x00000000   Number         0  boardshut.o ABSOLUTE
    ../clib/angel/boardlib.s                 0x00000000   Number         0  boardinit2.o ABSOLUTE
    ../clib/angel/boardlib.s                 0x00000000   Number         0  boardinit3.o ABSOLUTE
    ../clib/angel/handlers.s                 0x00000000   Number         0  __scatter_zi.o ABSOLUTE
    ../clib/angel/handlers.s                 0x00000000   Number         0  __scatter_copy.o ABSOLUTE
    ../clib/angel/kernel.s                   0x00000000   Number         0  rtexit2.o ABSOLUTE
    ../clib/angel/kernel.s                   0x00000000   Number         0  rtentry4.o ABSOLUTE
    ../clib/angel/kernel.s                   0x00000000   Number         0  rtentry2.o ABSOLUTE
    ../clib/angel/kernel.s                   0x00000000   Number         0  rtentry.o ABSOLUTE
    ../clib/angel/kernel.s                   0x00000000   Number         0  rtexit.o ABSOLUTE
    ../clib/angel/rt.s                       0x00000000   Number         0  rt_raise.o ABSOLUTE
    ../clib/angel/scatter.s                  0x00000000   Number         0  __scatter.o ABSOLUTE
    ../clib/angel/startup.s                  0x00000000   Number         0  __main.o ABSOLUTE
    ../clib/angel/sys.s                      0x00000000   Number         0  use_no_semi.o ABSOLUTE
    ../clib/angel/sys.s                      0x00000000   Number         0  sys_stackheap_outer.o ABSOLUTE
    ../clib/angel/sys.s                      0x00000000   Number         0  indicate_semi.o ABSOLUTE
    ../clib/angel/sys.s                      0x00000000   Number         0  libspace.o ABSOLUTE
    ../clib/angel/sysapp.c                   0x00000000   Number         0  sys_exit.o ABSOLUTE
    ../clib/angel/sysapp.c                   0x00000000   Number         0  sys_wrch.o ABSOLUTE
    ../clib/angel/sysapp.c                   0x00000000   Number         0  sys_command.o ABSOLUTE
    ../clib/armsys.c                         0x00000000   Number         0  argv_veneer.o ABSOLUTE
    ../clib/armsys.c                         0x00000000   Number         0  argv_veneer.o ABSOLUTE
    ../clib/armsys.c                         0x00000000   Number         0  no_argv.o ABSOLUTE
    ../clib/armsys.c                         0x00000000   Number         0  _get_argv_nomalloc.o ABSOLUTE
    ../clib/heapalloc.c                      0x00000000   Number         0  hrguard.o ABSOLUTE
    ../clib/heapaux.c                        0x00000000   Number         0  heapauxi.o ABSOLUTE
    ../clib/libinit.s                        0x00000000   Number         0  libshutdown2.o ABSOLUTE
    ../clib/libinit.s                        0x00000000   Number         0  libinit.o ABSOLUTE
    ../clib/libinit.s                        0x00000000   Number         0  libshutdown.o ABSOLUTE
    ../clib/libinit.s                        0x00000000   Number         0  libinit2.o ABSOLUTE
    ../clib/signal.c                         0x00000000   Number         0  defsig_rtmem_inner.o ABSOLUTE
    ../clib/signal.c                         0x00000000   Number         0  defsig_exit.o ABSOLUTE
    ../clib/signal.c                         0x00000000   Number         0  defsig_rtmem_formal.o ABSOLUTE
    ../clib/signal.c                         0x00000000   Number         0  defsig_rtmem_outer.o ABSOLUTE
    ../clib/signal.c                         0x00000000   Number         0  defsig_other.o ABSOLUTE
    ../clib/signal.c                         0x00000000   Number         0  defsig_general.o ABSOLUTE
    ../clib/signal.c                         0x00000000   Number         0  defsig_segv_inner.o ABSOLUTE
    ../clib/signal.c                         0x00000000   Number         0  defsig_cppl_inner.o ABSOLUTE
    ../clib/signal.c                         0x00000000   Number         0  defsig_pvfn_inner.o ABSOLUTE
    ../clib/signal.c                         0x00000000   Number         0  defsig_rtred_inner.o ABSOLUTE
    ../clib/signal.c                         0x00000000   Number         0  defsig_fpe_inner.o ABSOLUTE
    ../clib/signal.c                         0x00000000   Number         0  defsig_abrt_inner.o ABSOLUTE
    ../clib/signal.c                         0x00000000   Number         0  defsig_stak_inner.o ABSOLUTE
    ../clib/signal.c                         0x00000000   Number         0  __raise.o ABSOLUTE
    ../clib/signal.s                         0x00000000   Number         0  defsig.o ABSOLUTE
    ../clib/stdlib.c                         0x00000000   Number         0  exit.o ABSOLUTE
    ../fplib/fpinit.s                        0x00000000   Number         0  fpinit.o ABSOLUTE
    Libraries\CMSIS\CM3\CoreSupport\core_cm3.c 0x00000000   Number         0  core_cm3.o ABSOLUTE
    Libraries\CMSIS\CM3\DeviceSupport\ST\STM32F10x\startup\arm\startup_stm32f10x_hd.s 0x00000000   Number         0  startup_stm32f10x_hd.o ABSOLUTE
    Libraries\CMSIS\CM3\DeviceSupport\ST\STM32F10x\system_stm32f10x.c 0x00000000   Number         0  system_stm32f10x.o ABSOLUTE
    Libraries\STM32F10x_StdPeriph_Driver\src\stm32f10x_gpio.c 0x00000000   Number         0  stm32f10x_gpio.o ABSOLUTE
    Libraries\STM32F10x_StdPeriph_Driver\src\stm32f10x_rcc.c 0x00000000   Number         0  stm32f10x_rcc.o ABSOLUTE
    Libraries\\CMSIS\\CM3\\CoreSupport\\core_cm3.c 0x00000000   Number         0  core_cm3.o ABSOLUTE
    User\main.c                              0x00000000   Number         0  main.o ABSOLUTE
    User\stm32f10x_it.c                      0x00000000   Number         0  stm32f10x_it.o ABSOLUTE
    User_Lib\led.c                           0x00000000   Number         0  led.o ABSOLUTE
    dc.s                                     0x00000000   Number         0  dc.o ABSOLUTE
    RESET                                    0x08000000   Section      304  startup_stm32f10x_hd.o(RESET)
    !!!main                                  0x08000130   Section        8  __main.o(!!!main)
    !!!scatter                               0x08000138   Section       52  __scatter.o(!!!scatter)
    !!handler_copy                           0x0800016c   Section       26  __scatter_copy.o(!!handler_copy)
    !!handler_zi                             0x08000188   Section       28  __scatter_zi.o(!!handler_zi)
    .ARM.Collect$$libinit$$00000000          0x080001a4   Section        2  libinit.o(.ARM.Collect$$libinit$$00000000)
    .ARM.Collect$$libinit$$00000002          0x080001a6   Section        0  libinit2.o(.ARM.Collect$$libinit$$00000002)
    .ARM.Collect$$libinit$$00000008          0x080001a6   Section        0  libinit2.o(.ARM.Collect$$libinit$$00000008)
    .ARM.Collect$$libinit$$0000000A          0x080001a6   Section        0  libinit2.o(.ARM.Collect$$libinit$$0000000A)
    .ARM.Collect$$libinit$$0000000C          0x080001a6   Section        0  libinit2.o(.ARM.Collect$$libinit$$0000000C)
    .ARM.Collect$$libinit$$0000000F          0x080001a6   Section        0  libinit2.o(.ARM.Collect$$libinit$$0000000F)
    .ARM.Collect$$libinit$$00000011          0x080001a6   Section        0  libinit2.o(.ARM.Collect$$libinit$$00000011)
    .ARM.Collect$$libinit$$00000013          0x080001a6   Section        0  libinit2.o(.ARM.Collect$$libinit$$00000013)
    .ARM.Collect$$libinit$$00000015          0x080001a6   Section        0  libinit2.o(.ARM.Collect$$libinit$$00000015)
    .ARM.Collect$$libinit$$00000017          0x080001a6   Section        0  libinit2.o(.ARM.Collect$$libinit$$00000017)
    .ARM.Collect$$libinit$$00000019          0x080001a6   Section        0  libinit2.o(.ARM.Collect$$libinit$$00000019)
    .ARM.Collect$$libinit$$0000001B          0x080001a6   Section        0  libinit2.o(.ARM.Collect$$libinit$$0000001B)
    .ARM.Collect$$libinit$$0000001D          0x080001a6   Section        0  libinit2.o(.ARM.Collect$$libinit$$0000001D)
    .ARM.Collect$$libinit$$0000001F          0x080001a6   Section        0  libinit2.o(.ARM.Collect$$libinit$$0000001F)
    .ARM.Collect$$libinit$$00000021          0x080001a6   Section        0  libinit2.o(.ARM.Collect$$libinit$$00000021)
    .ARM.Collect$$libinit$$00000023          0x080001a6   Section        0  libinit2.o(.ARM.Collect$$libinit$$00000023)
    .ARM.Collect$$libinit$$0000002A          0x080001a6   Section        0  libinit2.o(.ARM.Collect$$libinit$$0000002A)
    .ARM.Collect$$libinit$$0000002C          0x080001a6   Section        0  libinit2.o(.ARM.Collect$$libinit$$0000002C)
    .ARM.Collect$$libinit$$0000002E          0x080001a6   Section        0  libinit2.o(.ARM.Collect$$libinit$$0000002E)
    .ARM.Collect$$libinit$$00000030          0x080001a6   Section        0  libinit2.o(.ARM.Collect$$libinit$$00000030)
    .ARM.Collect$$libinit$$00000031          0x080001a6   Section        2  libinit2.o(.ARM.Collect$$libinit$$00000031)
    .ARM.Collect$$libshutdown$$00000000      0x080001a8   Section        2  libshutdown.o(.ARM.Collect$$libshutdown$$00000000)
    .ARM.Collect$$libshutdown$$00000003      0x080001aa   Section        0  libshutdown2.o(.ARM.Collect$$libshutdown$$00000003)
    .ARM.Collect$$libshutdown$$00000006      0x080001aa   Section        0  libshutdown2.o(.ARM.Collect$$libshutdown$$00000006)
    .ARM.Collect$$libshutdown$$00000009      0x080001aa   Section        0  libshutdown2.o(.ARM.Collect$$libshutdown$$00000009)
    .ARM.Collect$$libshutdown$$0000000B      0x080001aa   Section        0  libshutdown2.o(.ARM.Collect$$libshutdown$$0000000B)
    .ARM.Collect$$libshutdown$$0000000E      0x080001aa   Section        0  libshutdown2.o(.ARM.Collect$$libshutdown$$0000000E)
    .ARM.Collect$$libshutdown$$0000000F      0x080001aa   Section        2  libshutdown2.o(.ARM.Collect$$libshutdown$$0000000F)
    .ARM.Collect$$rtentry$$00000000          0x080001ac   Section        0  rtentry.o(.ARM.Collect$$rtentry$$00000000)
    .ARM.Collect$$rtentry$$00000002          0x080001ac   Section        0  rtentry2.o(.ARM.Collect$$rtentry$$00000002)
    .ARM.Collect$$rtentry$$00000004          0x080001ac   Section        6  rtentry4.o(.ARM.Collect$$rtentry$$00000004)
    .ARM.Collect$$rtentry$$00000009          0x080001b2   Section        0  rtentry2.o(.ARM.Collect$$rtentry$$00000009)
    .ARM.Collect$$rtentry$$0000000A          0x080001b2   Section        4  rtentry2.o(.ARM.Collect$$rtentry$$0000000A)
    .ARM.Collect$$rtentry$$0000000C          0x080001b6   Section        0  rtentry2.o(.ARM.Collect$$rtentry$$0000000C)
    .ARM.Collect$$rtentry$$0000000D          0x080001b6   Section        8  rtentry2.o(.ARM.Collect$$rtentry$$0000000D)
    .ARM.Collect$$rtexit$$00000000           0x080001be   Section        2  rtexit.o(.ARM.Collect$$rtexit$$00000000)
    .ARM.Collect$$rtexit$$00000002           0x080001c0   Section        0  rtexit2.o(.ARM.Collect$$rtexit$$00000002)
    .ARM.Collect$$rtexit$$00000003           0x080001c0   Section        4  rtexit2.o(.ARM.Collect$$rtexit$$00000003)
    .ARM.Collect$$rtexit$$00000004           0x080001c4   Section        6  rtexit2.o(.ARM.Collect$$rtexit$$00000004)
    .text                                    0x080001cc   Section        0  main.o(.text)
    .text                                    0x080001e0   Section        0  stm32f10x_it.o(.text)
    .text                                    0x080001fc   Section        0  led.o(.text)
    .text                                    0x08000224   Section        0  system_stm32f10x.o(.text)
    SetSysClockTo72                          0x08000225   Thumb Code   214  system_stm32f10x.o(.text)
    SetSysClock                              0x080002fb   Thumb Code     8  system_stm32f10x.o(.text)
    .text                                    0x08000404   Section       64  startup_stm32f10x_hd.o(.text)
    .text                                    0x08000444   Section        0  stm32f10x_gpio.o(.text)
    .text                                    0x080007a0   Section        0  stm32f10x_rcc.o(.text)
    .text                                    0x08000b44   Section        0  heapauxi.o(.text)
    .text                                    0x08000b4a   Section       74  sys_stackheap_outer.o(.text)
    .text                                    0x08000b94   Section        0  exit.o(.text)
    .text                                    0x08000ba0   Section        8  libspace.o(.text)
    .text                                    0x08000ba8   Section        0  sys_exit.o(.text)
    .text                                    0x08000bb4   Section        2  use_no_semi.o(.text)
    .text                                    0x08000bb6   Section        0  indicate_semi.o(.text)
    .data                                    0x20000000   Section       20  system_stm32f10x.o(.data)
    .data                                    0x20000014   Section       20  stm32f10x_rcc.o(.data)
    APBAHBPrescTable                         0x20000014   Data          16  stm32f10x_rcc.o(.data)
    ADCPrescTable                            0x20000024   Data           4  stm32f10x_rcc.o(.data)
    .bss                                     0x20000028   Section       96  libspace.o(.bss)
    HEAP                                     0x20000088   Section      512  startup_stm32f10x_hd.o(HEAP)
    Heap_Mem                                 0x20000088   Data         512  startup_stm32f10x_hd.o(HEAP)
    STACK                                    0x20000288   Section     1024  startup_stm32f10x_hd.o(STACK)
    Stack_Mem                                0x20000288   Data        1024  startup_stm32f10x_hd.o(STACK)
    __initial_sp                             0x20000688   Data           0  startup_stm32f10x_hd.o(STACK)

    Global Symbols

    Symbol Name                              Value     Ov Type        Size  Object(Section)

    BuildAttributes$$THM_ISAv4$P$D$K$B$S$PE$A:L22UL41UL21$X:L11$S22US41US21$IEEE1$IW$USESV6$~STKCKD$USESV7$~SHL$OSPACE$ROPI$EBA8$UX$STANDARDLIB$REQ8$PRES8$EABIv2 0x00000000   Number         0  anon$$obj.o ABSOLUTE
    __ARM_use_no_argv                        0x00000000   Number         0  main.o ABSOLUTE
    __ARM_exceptions_init                     - Undefined Weak Reference
    __alloca_initialize                       - Undefined Weak Reference
    __cpp_initialize__aeabi_                  - Undefined Weak Reference
    __cxa_finalize                            - Undefined Weak Reference
    __rt_locale                               - Undefined Weak Reference
    __sigvec_lookup                           - Undefined Weak Reference
    _atexit_init                              - Undefined Weak Reference
    _call_atexit_fns                          - Undefined Weak Reference
    _clock_init                               - Undefined Weak Reference
    _fp_trap_init                             - Undefined Weak Reference
    _fp_trap_shutdown                         - Undefined Weak Reference
    _get_lc_collate                           - Undefined Weak Reference
    _get_lc_ctype                             - Undefined Weak Reference
    _get_lc_monetary                          - Undefined Weak Reference
    _get_lc_numeric                           - Undefined Weak Reference
    _get_lc_time                              - Undefined Weak Reference
    _getenv_init                              - Undefined Weak Reference
    _handle_redirection                       - Undefined Weak Reference
    _init_alloc                               - Undefined Weak Reference
    _init_user_alloc                          - Undefined Weak Reference
    _initio                                   - Undefined Weak Reference
    _rand_init                                - Undefined Weak Reference
    _signal_finish                            - Undefined Weak Reference
    _signal_init                              - Undefined Weak Reference
    _terminate_alloc                          - Undefined Weak Reference
    _terminate_user_alloc                     - Undefined Weak Reference
    _terminateio                              - Undefined Weak Reference
    __Vectors_Size                           0x00000130   Number         0  startup_stm32f10x_hd.o ABSOLUTE
    __Vectors                                0x08000000   Data           4  startup_stm32f10x_hd.o(RESET)
    __Vectors_End                            0x08000130   Data           0  startup_stm32f10x_hd.o(RESET)
    __main                                   0x08000131   Thumb Code     8  __main.o(!!!main)
    __scatterload                            0x08000139   Thumb Code     0  __scatter.o(!!!scatter)
    __scatterload_rt2                        0x08000139   Thumb Code    44  __scatter.o(!!!scatter)
    __scatterload_rt2_thumb_only             0x08000139   Thumb Code     0  __scatter.o(!!!scatter)
    __scatterload_null                       0x08000147   Thumb Code     0  __scatter.o(!!!scatter)
    __scatterload_copy                       0x0800016d   Thumb Code    26  __scatter_copy.o(!!handler_copy)
    __scatterload_zeroinit                   0x08000189   Thumb Code    28  __scatter_zi.o(!!handler_zi)
    __rt_lib_init                            0x080001a5   Thumb Code     0  libinit.o(.ARM.Collect$$libinit$$00000000)
    __rt_lib_init_alloca_1                   0x080001a7   Thumb Code     0  libinit2.o(.ARM.Collect$$libinit$$0000002C)
    __rt_lib_init_argv_1                     0x080001a7   Thumb Code     0  libinit2.o(.ARM.Collect$$libinit$$0000002A)
    __rt_lib_init_atexit_1                   0x080001a7   Thumb Code     0  libinit2.o(.ARM.Collect$$libinit$$00000019)
    __rt_lib_init_clock_1                    0x080001a7   Thumb Code     0  libinit2.o(.ARM.Collect$$libinit$$0000001F)
    __rt_lib_init_cpp_1                      0x080001a7   Thumb Code     0  libinit2.o(.ARM.Collect$$libinit$$00000030)
    __rt_lib_init_exceptions_1               0x080001a7   Thumb Code     0  libinit2.o(.ARM.Collect$$libinit$$0000002E)
    __rt_lib_init_fp_1                       0x080001a7   Thumb Code     0  libinit2.o(.ARM.Collect$$libinit$$00000002)
    __rt_lib_init_fp_trap_1                  0x080001a7   Thumb Code     0  libinit2.o(.ARM.Collect$$libinit$$0000001D)
    __rt_lib_init_getenv_1                   0x080001a7   Thumb Code     0  libinit2.o(.ARM.Collect$$libinit$$00000021)
    __rt_lib_init_heap_1                     0x080001a7   Thumb Code     0  libinit2.o(.ARM.Collect$$libinit$$00000008)
    __rt_lib_init_lc_collate_1               0x080001a7   Thumb Code     0  libinit2.o(.ARM.Collect$$libinit$$0000000F)
    __rt_lib_init_lc_ctype_1                 0x080001a7   Thumb Code     0  libinit2.o(.ARM.Collect$$libinit$$00000011)
    __rt_lib_init_lc_monetary_1              0x080001a7   Thumb Code     0  libinit2.o(.ARM.Collect$$libinit$$00000013)
    __rt_lib_init_lc_numeric_1               0x080001a7   Thumb Code     0  libinit2.o(.ARM.Collect$$libinit$$00000015)
    __rt_lib_init_lc_time_1                  0x080001a7   Thumb Code     0  libinit2.o(.ARM.Collect$$libinit$$00000017)
    __rt_lib_init_rand_1                     0x080001a7   Thumb Code     0  libinit2.o(.ARM.Collect$$libinit$$0000000C)
    __rt_lib_init_return                     0x080001a7   Thumb Code     0  libinit2.o(.ARM.Collect$$libinit$$00000031)
    __rt_lib_init_signal_1                   0x080001a7   Thumb Code     0  libinit2.o(.ARM.Collect$$libinit$$0000001B)
    __rt_lib_init_stdio_1                    0x080001a7   Thumb Code     0  libinit2.o(.ARM.Collect$$libinit$$00000023)
    __rt_lib_init_user_alloc_1               0x080001a7   Thumb Code     0  libinit2.o(.ARM.Collect$$libinit$$0000000A)
    __rt_lib_shutdown                        0x080001a9   Thumb Code     0  libshutdown.o(.ARM.Collect$$libshutdown$$00000000)
    __rt_lib_shutdown_fp_trap_1              0x080001ab   Thumb Code     0  libshutdown2.o(.ARM.Collect$$libshutdown$$00000006)
    __rt_lib_shutdown_heap_1                 0x080001ab   Thumb Code     0  libshutdown2.o(.ARM.Collect$$libshutdown$$0000000E)
    __rt_lib_shutdown_return                 0x080001ab   Thumb Code     0  libshutdown2.o(.ARM.Collect$$libshutdown$$0000000F)
    __rt_lib_shutdown_signal_1               0x080001ab   Thumb Code     0  libshutdown2.o(.ARM.Collect$$libshutdown$$00000009)
    __rt_lib_shutdown_stdio_1                0x080001ab   Thumb Code     0  libshutdown2.o(.ARM.Collect$$libshutdown$$00000003)
    __rt_lib_shutdown_user_alloc_1           0x080001ab   Thumb Code     0  libshutdown2.o(.ARM.Collect$$libshutdown$$0000000B)
    __rt_entry                               0x080001ad   Thumb Code     0  rtentry.o(.ARM.Collect$$rtentry$$00000000)
    __rt_entry_presh_1                       0x080001ad   Thumb Code     0  rtentry2.o(.ARM.Collect$$rtentry$$00000002)
    __rt_entry_sh                            0x080001ad   Thumb Code     0  rtentry4.o(.ARM.Collect$$rtentry$$00000004)
    __rt_entry_li                            0x080001b3   Thumb Code     0  rtentry2.o(.ARM.Collect$$rtentry$$0000000A)
    __rt_entry_postsh_1                      0x080001b3   Thumb Code     0  rtentry2.o(.ARM.Collect$$rtentry$$00000009)
    __rt_entry_main                          0x080001b7   Thumb Code     0  rtentry2.o(.ARM.Collect$$rtentry$$0000000D)
    __rt_entry_postli_1                      0x080001b7   Thumb Code     0  rtentry2.o(.ARM.Collect$$rtentry$$0000000C)
    __rt_exit                                0x080001bf   Thumb Code     0  rtexit.o(.ARM.Collect$$rtexit$$00000000)
    __rt_exit_ls                             0x080001c1   Thumb Code     0  rtexit2.o(.ARM.Collect$$rtexit$$00000003)
    __rt_exit_prels_1                        0x080001c1   Thumb Code     0  rtexit2.o(.ARM.Collect$$rtexit$$00000002)
    __rt_exit_exit                           0x080001c5   Thumb Code     0  rtexit2.o(.ARM.Collect$$rtexit$$00000004)
    main                                     0x080001cd   Thumb Code    16  main.o(.text)
    NMI_Handler                              0x080001e1   Thumb Code     2  stm32f10x_it.o(.text)
    HardFault_Handler                        0x080001e3   Thumb Code     4  stm32f10x_it.o(.text)
    MemManage_Handler                        0x080001e7   Thumb Code     4  stm32f10x_it.o(.text)
    BusFault_Handler                         0x080001eb   Thumb Code     4  stm32f10x_it.o(.text)
    UsageFault_Handler                       0x080001ef   Thumb Code     4  stm32f10x_it.o(.text)
    SVC_Handler                              0x080001f3   Thumb Code     2  stm32f10x_it.o(.text)
    DebugMon_Handler                         0x080001f5   Thumb Code     2  stm32f10x_it.o(.text)
    PendSV_Handler                           0x080001f7   Thumb Code     2  stm32f10x_it.o(.text)
    SysTick_Handler                          0x080001f9   Thumb Code     2  stm32f10x_it.o(.text)
    LED_Init                                 0x080001fd   Thumb Code    36  led.o(.text)
    SystemInit                               0x08000303   Thumb Code    78  system_stm32f10x.o(.text)
    SystemCoreClockUpdate                    0x08000351   Thumb Code   142  system_stm32f10x.o(.text)
    Reset_Handler                            0x08000405   Thumb Code     8  startup_stm32f10x_hd.o(.text)
    ADC1_2_IRQHandler                        0x0800041f   Thumb Code     0  startup_stm32f10x_hd.o(.text)
    ADC3_IRQHandler                          0x0800041f   Thumb Code     0  startup_stm32f10x_hd.o(.text)
    CAN1_RX1_IRQHandler                      0x0800041f   Thumb Code     0  startup_stm32f10x_hd.o(.text)
    CAN1_SCE_IRQHandler                      0x0800041f   Thumb Code     0  startup_stm32f10x_hd.o(.text)
    DMA1_Channel1_IRQHandler                 0x0800041f   Thumb Code     0  startup_stm32f10x_hd.o(.text)
    DMA1_Channel2_IRQHandler                 0x0800041f   Thumb Code     0  startup_stm32f10x_hd.o(.text)
    DMA1_Channel3_IRQHandler                 0x0800041f   Thumb Code     0  startup_stm32f10x_hd.o(.text)
    DMA1_Channel4_IRQHandler                 0x0800041f   Thumb Code     0  startup_stm32f10x_hd.o(.text)
    DMA1_Channel5_IRQHandler                 0x0800041f   Thumb Code     0  startup_stm32f10x_hd.o(.text)
    DMA1_Channel6_IRQHandler                 0x0800041f   Thumb Code     0  startup_stm32f10x_hd.o(.text)
    DMA1_Channel7_IRQHandler                 0x0800041f   Thumb Code     0  startup_stm32f10x_hd.o(.text)
    DMA2_Channel1_IRQHandler                 0x0800041f   Thumb Code     0  startup_stm32f10x_hd.o(.text)
    DMA2_Channel2_IRQHandler                 0x0800041f   Thumb Code     0  startup_stm32f10x_hd.o(.text)
    DMA2_Channel3_IRQHandler                 0x0800041f   Thumb Code     0  startup_stm32f10x_hd.o(.text)
    DMA2_Channel4_5_IRQHandler               0x0800041f   Thumb Code     0  startup_stm32f10x_hd.o(.text)
    EXTI0_IRQHandler                         0x0800041f   Thumb Code     0  startup_stm32f10x_hd.o(.text)
    EXTI15_10_IRQHandler                     0x0800041f   Thumb Code     0  startup_stm32f10x_hd.o(.text)
    EXTI1_IRQHandler                         0x0800041f   Thumb Code     0  startup_stm32f10x_hd.o(.text)
    EXTI2_IRQHandler                         0x0800041f   Thumb Code     0  startup_stm32f10x_hd.o(.text)
    EXTI3_IRQHandler                         0x0800041f   Thumb Code     0  startup_stm32f10x_hd.o(.text)
    EXTI4_IRQHandler                         0x0800041f   Thumb Code     0  startup_stm32f10x_hd.o(.text)
    EXTI9_5_IRQHandler                       0x0800041f   Thumb Code     0  startup_stm32f10x_hd.o(.text)
    FLASH_IRQHandler                         0x0800041f   Thumb Code     0  startup_stm32f10x_hd.o(.text)
    FSMC_IRQHandler                          0x0800041f   Thumb Code     0  startup_stm32f10x_hd.o(.text)
    I2C1_ER_IRQHandler                       0x0800041f   Thumb Code     0  startup_stm32f10x_hd.o(.text)
    I2C1_EV_IRQHandler                       0x0800041f   Thumb Code     0  startup_stm32f10x_hd.o(.text)
    I2C2_ER_IRQHandler                       0x0800041f   Thumb Code     0  startup_stm32f10x_hd.o(.text)
    I2C2_EV_IRQHandler                       0x0800041f   Thumb Code     0  startup_stm32f10x_hd.o(.text)
    PVD_IRQHandler                           0x0800041f   Thumb Code     0  startup_stm32f10x_hd.o(.text)
    RCC_IRQHandler                           0x0800041f   Thumb Code     0  startup_stm32f10x_hd.o(.text)
    RTCAlarm_IRQHandler                      0x0800041f   Thumb Code     0  startup_stm32f10x_hd.o(.text)
    RTC_IRQHandler                           0x0800041f   Thumb Code     0  startup_stm32f10x_hd.o(.text)
    SDIO_IRQHandler                          0x0800041f   Thumb Code     0  startup_stm32f10x_hd.o(.text)
    SPI1_IRQHandler                          0x0800041f   Thumb Code     0  startup_stm32f10x_hd.o(.text)
    SPI2_IRQHandler                          0x0800041f   Thumb Code     0  startup_stm32f10x_hd.o(.text)
    SPI3_IRQHandler                          0x0800041f   Thumb Code     0  startup_stm32f10x_hd.o(.text)
    TAMPER_IRQHandler                        0x0800041f   Thumb Code     0  startup_stm32f10x_hd.o(.text)
    TIM1_BRK_IRQHandler                      0x0800041f   Thumb Code     0  startup_stm32f10x_hd.o(.text)
    TIM1_CC_IRQHandler                       0x0800041f   Thumb Code     0  startup_stm32f10x_hd.o(.text)
    TIM1_TRG_COM_IRQHandler                  0x0800041f   Thumb Code     0  startup_stm32f10x_hd.o(.text)
    TIM1_UP_IRQHandler                       0x0800041f   Thumb Code     0  startup_stm32f10x_hd.o(.text)
    TIM2_IRQHandler                          0x0800041f   Thumb Code     0  startup_stm32f10x_hd.o(.text)
    TIM3_IRQHandler                          0x0800041f   Thumb Code     0  startup_stm32f10x_hd.o(.text)
    TIM4_IRQHandler                          0x0800041f   Thumb Code     0  startup_stm32f10x_hd.o(.text)
    TIM5_IRQHandler                          0x0800041f   Thumb Code     0  startup_stm32f10x_hd.o(.text)
    TIM6_IRQHandler                          0x0800041f   Thumb Code     0  startup_stm32f10x_hd.o(.text)
    TIM7_IRQHandler                          0x0800041f   Thumb Code     0  startup_stm32f10x_hd.o(.text)
    TIM8_BRK_IRQHandler                      0x0800041f   Thumb Code     0  startup_stm32f10x_hd.o(.text)
    TIM8_CC_IRQHandler                       0x0800041f   Thumb Code     0  startup_stm32f10x_hd.o(.text)
    TIM8_TRG_COM_IRQHandler                  0x0800041f   Thumb Code     0  startup_stm32f10x_hd.o(.text)
    TIM8_UP_IRQHandler                       0x0800041f   Thumb Code     0  startup_stm32f10x_hd.o(.text)
    UART4_IRQHandler                         0x0800041f   Thumb Code     0  startup_stm32f10x_hd.o(.text)
    UART5_IRQHandler                         0x0800041f   Thumb Code     0  startup_stm32f10x_hd.o(.text)
    USART1_IRQHandler                        0x0800041f   Thumb Code     0  startup_stm32f10x_hd.o(.text)
    USART2_IRQHandler                        0x0800041f   Thumb Code     0  startup_stm32f10x_hd.o(.text)
    USART3_IRQHandler                        0x0800041f   Thumb Code     0  startup_stm32f10x_hd.o(.text)
    USBWakeUp_IRQHandler                     0x0800041f   Thumb Code     0  startup_stm32f10x_hd.o(.text)
    USB_HP_CAN1_TX_IRQHandler                0x0800041f   Thumb Code     0  startup_stm32f10x_hd.o(.text)
    USB_LP_CAN1_RX0_IRQHandler               0x0800041f   Thumb Code     0  startup_stm32f10x_hd.o(.text)
    WWDG_IRQHandler                          0x0800041f   Thumb Code     0  startup_stm32f10x_hd.o(.text)
    __user_initial_stackheap                 0x08000421   Thumb Code     0  startup_stm32f10x_hd.o(.text)
    GPIO_DeInit                              0x08000445   Thumb Code   172  stm32f10x_gpio.o(.text)
    GPIO_AFIODeInit                          0x080004f1   Thumb Code    20  stm32f10x_gpio.o(.text)
    GPIO_Init                                0x08000505   Thumb Code   278  stm32f10x_gpio.o(.text)
    GPIO_StructInit                          0x0800061b   Thumb Code    16  stm32f10x_gpio.o(.text)
    GPIO_ReadInputDataBit                    0x0800062b   Thumb Code    18  stm32f10x_gpio.o(.text)
    GPIO_ReadInputData                       0x0800063d   Thumb Code     8  stm32f10x_gpio.o(.text)
    GPIO_ReadOutputDataBit                   0x08000645   Thumb Code    18  stm32f10x_gpio.o(.text)
    GPIO_ReadOutputData                      0x08000657   Thumb Code     8  stm32f10x_gpio.o(.text)
    GPIO_SetBits                             0x0800065f   Thumb Code     4  stm32f10x_gpio.o(.text)
    GPIO_ResetBits                           0x08000663   Thumb Code     4  stm32f10x_gpio.o(.text)
    GPIO_WriteBit                            0x08000667   Thumb Code    10  stm32f10x_gpio.o(.text)
    GPIO_Write                               0x08000671   Thumb Code     4  stm32f10x_gpio.o(.text)
    GPIO_PinLockConfig                       0x08000675   Thumb Code    18  stm32f10x_gpio.o(.text)
    GPIO_EventOutputConfig                   0x08000687   Thumb Code    26  stm32f10x_gpio.o(.text)
    GPIO_EventOutputCmd                      0x080006a1   Thumb Code     6  stm32f10x_gpio.o(.text)
    GPIO_PinRemapConfig                      0x080006a7   Thumb Code   138  stm32f10x_gpio.o(.text)
    GPIO_EXTILineConfig                      0x08000731   Thumb Code    66  stm32f10x_gpio.o(.text)
    GPIO_ETH_MediaInterfaceConfig            0x08000773   Thumb Code     8  stm32f10x_gpio.o(.text)
    RCC_DeInit                               0x080007a1   Thumb Code    64  stm32f10x_rcc.o(.text)
    RCC_HSEConfig                            0x080007e1   Thumb Code    70  stm32f10x_rcc.o(.text)
    RCC_GetFlagStatus                        0x08000827   Thumb Code    56  stm32f10x_rcc.o(.text)
    RCC_WaitForHSEStartUp                    0x0800085f   Thumb Code    56  stm32f10x_rcc.o(.text)
    RCC_AdjustHSICalibrationValue            0x08000897   Thumb Code    20  stm32f10x_rcc.o(.text)
    RCC_HSICmd                               0x080008ab   Thumb Code     6  stm32f10x_rcc.o(.text)
    RCC_PLLConfig                            0x080008b1   Thumb Code    24  stm32f10x_rcc.o(.text)
    RCC_PLLCmd                               0x080008c9   Thumb Code     6  stm32f10x_rcc.o(.text)
    RCC_SYSCLKConfig                         0x080008cf   Thumb Code    18  stm32f10x_rcc.o(.text)
    RCC_GetSYSCLKSource                      0x080008e1   Thumb Code    10  stm32f10x_rcc.o(.text)
    RCC_HCLKConfig                           0x080008eb   Thumb Code    18  stm32f10x_rcc.o(.text)
    RCC_PCLK1Config                          0x080008fd   Thumb Code    18  stm32f10x_rcc.o(.text)
    RCC_PCLK2Config                          0x0800090f   Thumb Code    20  stm32f10x_rcc.o(.text)
    RCC_ITConfig                             0x08000923   Thumb Code    26  stm32f10x_rcc.o(.text)
    RCC_USBCLKConfig                         0x0800093d   Thumb Code     8  stm32f10x_rcc.o(.text)
    RCC_ADCCLKConfig                         0x08000945   Thumb Code    18  stm32f10x_rcc.o(.text)
    RCC_LSEConfig                            0x08000957   Thumb Code    50  stm32f10x_rcc.o(.text)
    RCC_LSICmd                               0x08000989   Thumb Code     6  stm32f10x_rcc.o(.text)
    RCC_RTCCLKConfig                         0x0800098f   Thumb Code    12  stm32f10x_rcc.o(.text)
    RCC_RTCCLKCmd                            0x0800099b   Thumb Code     8  stm32f10x_rcc.o(.text)
    RCC_GetClocksFreq                        0x080009a3   Thumb Code   192  stm32f10x_rcc.o(.text)
    RCC_AHBPeriphClockCmd                    0x08000a63   Thumb Code    26  stm32f10x_rcc.o(.text)
    RCC_APB2PeriphClockCmd                   0x08000a7d   Thumb Code    26  stm32f10x_rcc.o(.text)
    RCC_APB1PeriphClockCmd                   0x08000a97   Thumb Code    26  stm32f10x_rcc.o(.text)
    RCC_APB2PeriphResetCmd                   0x08000ab1   Thumb Code    26  stm32f10x_rcc.o(.text)
    RCC_APB1PeriphResetCmd                   0x08000acb   Thumb Code    26  stm32f10x_rcc.o(.text)
    RCC_BackupResetCmd                       0x08000ae5   Thumb Code     8  stm32f10x_rcc.o(.text)
    RCC_ClockSecuritySystemCmd               0x08000aed   Thumb Code     6  stm32f10x_rcc.o(.text)
    RCC_MCOConfig                            0x08000af3   Thumb Code     6  stm32f10x_rcc.o(.text)
    RCC_ClearFlag                            0x08000af9   Thumb Code    14  stm32f10x_rcc.o(.text)
    RCC_GetITStatus                          0x08000b07   Thumb Code    20  stm32f10x_rcc.o(.text)
    RCC_ClearITPendingBit                    0x08000b1b   Thumb Code     6  stm32f10x_rcc.o(.text)
    __use_two_region_memory                  0x08000b45   Thumb Code     2  heapauxi.o(.text)
    __rt_heap_escrow$2region                 0x08000b47   Thumb Code     2  heapauxi.o(.text)
    __rt_heap_expand$2region                 0x08000b49   Thumb Code     2  heapauxi.o(.text)
    __user_setup_stackheap                   0x08000b4b   Thumb Code    74  sys_stackheap_outer.o(.text)
    exit                                     0x08000b95   Thumb Code    12  exit.o(.text)
    __user_libspace                          0x08000ba1   Thumb Code     8  libspace.o(.text)
    __user_perproc_libspace                  0x08000ba1   Thumb Code     0  libspace.o(.text)
    __user_perthread_libspace                0x08000ba1   Thumb Code     0  libspace.o(.text)
    _sys_exit                                0x08000ba9   Thumb Code     8  sys_exit.o(.text)
    __I$use$semihosting                      0x08000bb5   Thumb Code     0  use_no_semi.o(.text)
    __use_no_semihosting_swi                 0x08000bb5   Thumb Code     2  use_no_semi.o(.text)
    __semihosting_library_function           0x08000bb7   Thumb Code     0  indicate_semi.o(.text)
    Region$$Table$$Base                      0x08000bb8   Number         0  anon$$obj.o(Region$$Table)
    Region$$Table$$Limit                     0x08000bd8   Number         0  anon$$obj.o(Region$$Table)
    SystemCoreClock                          0x20000000   Data           4  system_stm32f10x.o(.data)
    AHBPrescTable                            0x20000004   Data          16  system_stm32f10x.o(.data)
    __libspace_start                         0x20000028   Data          96  libspace.o(.bss)
    __temporary_stack_top$libspace           0x20000088   Data           0  libspace.o(.bss)



==============================================================================

Memory Map of the image

  Image Entry point : 0x08000131

  Load Region LR_IROM1 (Base: 0x08000000, Size: 0x00000c00, Max: 0x00080000, ABSOLUTE)

    Execution Region ER_IROM1 (Base: 0x08000000, Size: 0x00000bd8, Max: 0x00080000, ABSOLUTE)

    Base Addr    Size         Type   Attr      Idx    E Section Name        Object

    0x08000000   0x00000130   Data   RO          184    RESET               startup_stm32f10x_hd.o
    0x08000130   0x00000008   Code   RO          219  * !!!main             c_w.l(__main.o)
    0x08000138   0x00000034   Code   RO          373    !!!scatter          c_w.l(__scatter.o)
    0x0800016c   0x0000001a   Code   RO          375    !!handler_copy      c_w.l(__scatter_copy.o)
    0x08000186   0x00000002   PAD
    0x08000188   0x0000001c   Code   RO          377    !!handler_zi        c_w.l(__scatter_zi.o)
    0x080001a4   0x00000002   Code   RO          246    .ARM.Collect$$libinit$$00000000  c_w.l(libinit.o)
    0x080001a6   0x00000000   Code   RO          253    .ARM.Collect$$libinit$$00000002  c_w.l(libinit2.o)
    0x080001a6   0x00000000   Code   RO          256    .ARM.Collect$$libinit$$00000008  c_w.l(libinit2.o)
    0x080001a6   0x00000000   Code   RO          258    .ARM.Collect$$libinit$$0000000A  c_w.l(libinit2.o)
    0x080001a6   0x00000000   Code   RO          260    .ARM.Collect$$libinit$$0000000C  c_w.l(libinit2.o)
    0x080001a6   0x00000000   Code   RO          263    .ARM.Collect$$libinit$$0000000F  c_w.l(libinit2.o)
    0x080001a6   0x00000000   Code   RO          265    .ARM.Collect$$libinit$$00000011  c_w.l(libinit2.o)
    0x080001a6   0x00000000   Code   RO          267    .ARM.Collect$$libinit$$00000013  c_w.l(libinit2.o)
    0x080001a6   0x00000000   Code   RO          269    .ARM.Collect$$libinit$$00000015  c_w.l(libinit2.o)
    0x080001a6   0x00000000   Code   RO          271    .ARM.Collect$$libinit$$00000017  c_w.l(libinit2.o)
    0x080001a6   0x00000000   Code   RO          273    .ARM.Collect$$libinit$$00000019  c_w.l(libinit2.o)
    0x080001a6   0x00000000   Code   RO          275    .ARM.Collect$$libinit$$0000001B  c_w.l(libinit2.o)
    0x080001a6   0x00000000   Code   RO          277    .ARM.Collect$$libinit$$0000001D  c_w.l(libinit2.o)
    0x080001a6   0x00000000   Code   RO          279    .ARM.Collect$$libinit$$0000001F  c_w.l(libinit2.o)
    0x080001a6   0x00000000   Code   RO          281    .ARM.Collect$$libinit$$00000021  c_w.l(libinit2.o)
    0x080001a6   0x00000000   Code   RO          283    .ARM.Collect$$libinit$$00000023  c_w.l(libinit2.o)
    0x080001a6   0x00000000   Code   RO          287    .ARM.Collect$$libinit$$0000002A  c_w.l(libinit2.o)
    0x080001a6   0x00000000   Code   RO          289    .ARM.Collect$$libinit$$0000002C  c_w.l(libinit2.o)
    0x080001a6   0x00000000   Code   RO          291    .ARM.Collect$$libinit$$0000002E  c_w.l(libinit2.o)
    0x080001a6   0x00000000   Code   RO          293    .ARM.Collect$$libinit$$00000030  c_w.l(libinit2.o)
    0x080001a6   0x00000002   Code   RO          294    .ARM.Collect$$libinit$$00000031  c_w.l(libinit2.o)
    0x080001a8   0x00000002   Code   RO          314    .ARM.Collect$$libshutdown$$00000000  c_w.l(libshutdown.o)
    0x080001aa   0x00000000   Code   RO          328    .ARM.Collect$$libshutdown$$00000003  c_w.l(libshutdown2.o)
    0x080001aa   0x00000000   Code   RO          331    .ARM.Collect$$libshutdown$$00000006  c_w.l(libshutdown2.o)
    0x080001aa   0x00000000   Code   RO          334    .ARM.Collect$$libshutdown$$00000009  c_w.l(libshutdown2.o)
    0x080001aa   0x00000000   Code   RO          336    .ARM.Collect$$libshutdown$$0000000B  c_w.l(libshutdown2.o)
    0x080001aa   0x00000000   Code   RO          339    .ARM.Collect$$libshutdown$$0000000E  c_w.l(libshutdown2.o)
    0x080001aa   0x00000002   Code   RO          340    .ARM.Collect$$libshutdown$$0000000F  c_w.l(libshutdown2.o)
    0x080001ac   0x00000000   Code   RO          221    .ARM.Collect$$rtentry$$00000000  c_w.l(rtentry.o)
    0x080001ac   0x00000000   Code   RO          223    .ARM.Collect$$rtentry$$00000002  c_w.l(rtentry2.o)
    0x080001ac   0x00000006   Code   RO          235    .ARM.Collect$$rtentry$$00000004  c_w.l(rtentry4.o)
    0x080001b2   0x00000000   Code   RO          225    .ARM.Collect$$rtentry$$00000009  c_w.l(rtentry2.o)
    0x080001b2   0x00000004   Code   RO          226    .ARM.Collect$$rtentry$$0000000A  c_w.l(rtentry2.o)
    0x080001b6   0x00000000   Code   RO          228    .ARM.Collect$$rtentry$$0000000C  c_w.l(rtentry2.o)
    0x080001b6   0x00000008   Code   RO          229    .ARM.Collect$$rtentry$$0000000D  c_w.l(rtentry2.o)
    0x080001be   0x00000002   Code   RO          250    .ARM.Collect$$rtexit$$00000000  c_w.l(rtexit.o)
    0x080001c0   0x00000000   Code   RO          296    .ARM.Collect$$rtexit$$00000002  c_w.l(rtexit2.o)
    0x080001c0   0x00000004   Code   RO          297    .ARM.Collect$$rtexit$$00000003  c_w.l(rtexit2.o)
    0x080001c4   0x00000006   Code   RO          298    .ARM.Collect$$rtexit$$00000004  c_w.l(rtexit2.o)
    0x080001ca   0x00000002   PAD
    0x080001cc   0x00000014   Code   RO            1    .text               main.o
    0x080001e0   0x0000001a   Code   RO          104    .text               stm32f10x_it.o
    0x080001fa   0x00000002   PAD
    0x080001fc   0x00000028   Code   RO          119    .text               led.o
    0x08000224   0x000001e0   Code   RO          145    .text               system_stm32f10x.o
    0x08000404   0x00000040   Code   RO          185    .text               startup_stm32f10x_hd.o
    0x08000444   0x0000035c   Code   RO          189    .text               stm32f10x_gpio.o
    0x080007a0   0x000003a4   Code   RO          201    .text               stm32f10x_rcc.o
    0x08000b44   0x00000006   Code   RO          217    .text               c_w.l(heapauxi.o)
    0x08000b4a   0x0000004a   Code   RO          237    .text               c_w.l(sys_stackheap_outer.o)
    0x08000b94   0x0000000c   Code   RO          239    .text               c_w.l(exit.o)
    0x08000ba0   0x00000008   Code   RO          247    .text               c_w.l(libspace.o)
    0x08000ba8   0x0000000c   Code   RO          306    .text               c_w.l(sys_exit.o)
    0x08000bb4   0x00000002   Code   RO          317    .text               c_w.l(use_no_semi.o)
    0x08000bb6   0x00000000   Code   RO          319    .text               c_w.l(indicate_semi.o)
    0x08000bb6   0x00000002   PAD
    0x08000bb8   0x00000020   Data   RO          371    Region$$Table       anon$$obj.o


    Execution Region RW_IRAM1 (Base: 0x20000000, Size: 0x00000688, Max: 0x00010000, ABSOLUTE)

    Base Addr    Size         Type   Attr      Idx    E Section Name        Object

    0x20000000   0x00000014   Data   RW          146    .data               system_stm32f10x.o
    0x20000014   0x00000014   Data   RW          202    .data               stm32f10x_rcc.o
    0x20000028   0x00000060   Zero   RW          248    .bss                c_w.l(libspace.o)
    0x20000088   0x00000200   Zero   RW          183    HEAP                startup_stm32f10x_hd.o
    0x20000288   0x00000400   Zero   RW          182    STACK               startup_stm32f10x_hd.o


==============================================================================

Image component sizes


      Code (inc. data)   RO Data    RW Data    ZI Data      Debug   Object Name

         0          0          0          0          0         32   core_cm3.o
        40          4          0          0          0        423   led.o
        20          4          0          0          0     224991   main.o
        64         26        304          0       1536        860   startup_stm32f10x_hd.o
       860         38          0          0          0       5653   stm32f10x_gpio.o
        26          0          0          0          0       1158   stm32f10x_it.o
       932         36          0         20          0       8796   stm32f10x_rcc.o
       480         38          0         20          0       1895   system_stm32f10x.o

    ----------------------------------------------------------------------
      2424        146        336         40       1536     243808   Object Totals
         0          0         32          0          0          0   (incl. Generated)
         2          0          0          0          0          0   (incl. Padding)

    ----------------------------------------------------------------------

      Code (inc. data)   RO Data    RW Data    ZI Data      Debug   Library Member Name

         8          0          0          0          0         68   __main.o
        52          8          0          0          0          0   __scatter.o
        26          0          0          0          0          0   __scatter_copy.o
        28          0          0          0          0          0   __scatter_zi.o
        12          0          0          0          0         72   exit.o
         6          0          0          0          0        152   heapauxi.o
         0          0          0          0          0          0   indicate_semi.o
         2          0          0          0          0          0   libinit.o
         2          0          0          0          0          0   libinit2.o
         2          0          0          0          0          0   libshutdown.o
         2          0          0          0          0          0   libshutdown2.o
         8          4          0          0         96         68   libspace.o
         0          0          0          0          0          0   rtentry.o
        12          0          0          0          0          0   rtentry2.o
         6          0          0          0          0          0   rtentry4.o
         2          0          0          0          0          0   rtexit.o
        10          0          0          0          0          0   rtexit2.o
        12          4          0          0          0         68   sys_exit.o
        74          0          0          0          0         80   sys_stackheap_outer.o
         2          0          0          0          0         68   use_no_semi.o

    ----------------------------------------------------------------------
       272         16          0          0         96        576   Library Totals
         6          0          0          0          0          0   (incl. Padding)

    ----------------------------------------------------------------------

      Code (inc. data)   RO Data    RW Data    ZI Data      Debug   Library Name

       266         16          0          0         96        576   c_w.l

    ----------------------------------------------------------------------
       272         16          0          0         96        576   Library Totals

    ----------------------------------------------------------------------

==============================================================================


      Code (inc. data)   RO Data    RW Data    ZI Data      Debug   

      2696        162        336         40       1632     243912   Grand Totals
      2696        162        336         40       1632     243912   ELF Image Totals
      2696        162        336         40          0          0   ROM Totals

==============================================================================

    Total RO  Size (Code + RO Data)                 3032 (   2.96kB)
    Total RW  Size (RW Data + ZI Data)              1672 (   1.63kB)
    Total ROM Size (Code + RO Data + RW Data)       3072 (   3.00kB)

==============================================================================

